Warning: You are sending unauthenticated requests to the HF Hub. Please set a HF_TOKEN to enable higher rate limits and faster downloads.
two-stage | stage1=biencoder depth=50 stage2=BAAI/bge-reranker-v2-m3
device=mps doc_field=compact queries=200

Loading weights:   0%|          | 0/391 [00:00<?, ?it/s]Loading weights: 100%|██████████| 391/391 [00:00<00:00, 12092.50it/s]
  stage-1 model loaded in 2.8s
  corpus embeddings (3794, 1024) (cached)
Loading weights:   0%|          | 0/393 [00:00<?, ?it/s]Loading weights: 100%|██████████| 393/393 [00:00<00:00, 11402.53it/s]
  reranker loaded in 4.2s

  slice 1,000 (814 distractors)
    stage1 recall@10=0.7417 -> ceiling recall@50=0.8975 (headroom +0.1558)
    FINAL  nDCG@10=0.6195 (stage1 0.6108, +0.0087)  Recall@10=0.7975 (+0.0558)  Compl@10=0.7550
    stage1 0.1ms + stage2 983.0ms per query

  slice 1,500 (1,314 distractors)
    stage1 recall@10=0.7117 -> ceiling recall@50=0.8725 (headroom +0.1608)
    FINAL  nDCG@10=0.5693 (stage1 0.5802, -0.0110)  Recall@10=0.7375 (+0.0258)  Compl@10=0.6900
    stage1 0.1ms + stage2 974.1ms per query

  slice 2,000 (1,814 distractors)
    stage1 recall@10=0.6842 -> ceiling recall@50=0.8442 (headroom +0.1600)
    FINAL  nDCG@10=0.5396 (stage1 0.5538, -0.0142)  Recall@10=0.6967 (+0.0125)  Compl@10=0.6450
    stage1 0.1ms + stage2 1135.9ms per query

  slice 2,500 (2,314 distractors)
    stage1 recall@10=0.6442 -> ceiling recall@50=0.8267 (headroom +0.1825)
    FINAL  nDCG@10=0.5149 (stage1 0.5309, -0.0160)  Recall@10=0.6800 (+0.0358)  Compl@10=0.6200
    stage1 0.2ms + stage2 1879.8ms per query

  slice 3,794 (3,608 distractors)
    stage1 recall@10=0.6042 -> ceiling recall@50=0.7867 (headroom +0.1825)
    FINAL  nDCG@10=0.4811 (stage1 0.4931, -0.0120)  Recall@10=0.6408 (+0.0367)  Compl@10=0.5900
    stage1 0.2ms + stage2 980.7ms per query

========================================================================================================
  slice |  s1 nDCG  s1 R@10  ceiling |  nDCG@10     R@10     C@10 |    gain   used |   s1 ms    s2 ms
--------------------------------------------------------------------------------------------------------
  1,000 |   0.6108   0.7417   0.8975 |   0.6195   0.7975   0.7550 | +0.0558    36% |     0.1    983.0
  1,500 |   0.5802   0.7117   0.8725 |   0.5693   0.7375   0.6900 | +0.0258    16% |     0.1    974.1
  2,000 |   0.5538   0.6842   0.8442 |   0.5396   0.6967   0.6450 | +0.0125     8% |     0.1   1135.9
  2,500 |   0.5309   0.6442   0.8267 |   0.5149   0.6800   0.6200 | +0.0358    20% |     0.2   1879.8
  3,794 |   0.4931   0.6042   0.7867 |   0.4811   0.6408   0.5900 | +0.0367    20% |     0.2    980.7
========================================================================================================
ceiling = stage-1 recall at full depth; the reranker cannot exceed it.
used    = fraction of available headroom the reranker actually captured.

per-query records -> results/rerank_code_BAAI-bge-large-en-v1.5_BAAI-bge-reranker-v2-m3_d50_compact.jsonl
summary           -> results/rerank_code_BAAI-bge-large-en-v1.5_BAAI-bge-reranker-v2-m3_d50_compact_summary.json
